mode: set
projeto-crud-credencials/internal/service/domain/varconfig/service.go:14.58,18.2 1 1
projeto-crud-credencials/internal/service/domain/varconfig/service.go:21.63,22.23 1 1
projeto-crud-credencials/internal/service/domain/varconfig/service.go:22.23,24.3 1 1
projeto-crud-credencials/internal/service/domain/varconfig/service.go:26.2,26.30 1 1
projeto-crud-credencials/internal/service/domain/varconfig/service.go:26.30,28.3 1 1
projeto-crud-credencials/internal/service/domain/varconfig/service.go:30.2,30.27 1 1
projeto-crud-credencials/internal/service/domain/varconfig/service.go:30.27,32.3 1 1
projeto-crud-credencials/internal/service/domain/varconfig/service.go:34.2,38.34 4 1
projeto-crud-credencials/internal/service/domain/varconfig/service.go:42.89,43.16 1 1
projeto-crud-credencials/internal/service/domain/varconfig/service.go:43.16,45.3 1 1
projeto-crud-credencials/internal/service/domain/varconfig/service.go:47.2,47.23 1 0
projeto-crud-credencials/internal/service/domain/varconfig/service.go:47.23,49.3 1 0
projeto-crud-credencials/internal/service/domain/varconfig/service.go:51.2,51.13 1 0
projeto-crud-credencials/internal/service/domain/varconfig/service.go:51.13,53.3 1 0
projeto-crud-credencials/internal/service/domain/varconfig/service.go:55.2,55.54 1 0
projeto-crud-credencials/internal/service/domain/varconfig/service.go:59.89,60.16 1 0
projeto-crud-credencials/internal/service/domain/varconfig/service.go:60.16,62.3 1 0
projeto-crud-credencials/internal/service/domain/varconfig/service.go:64.2,64.23 1 0
projeto-crud-credencials/internal/service/domain/varconfig/service.go:64.23,66.3 1 0
projeto-crud-credencials/internal/service/domain/varconfig/service.go:68.2,68.60 1 0
projeto-crud-credencials/internal/service/domain/varconfig/service.go:72.63,73.20 1 0
projeto-crud-credencials/internal/service/domain/varconfig/service.go:73.20,75.3 1 0
projeto-crud-credencials/internal/service/domain/varconfig/service.go:77.2,77.23 1 0
projeto-crud-credencials/internal/service/domain/varconfig/service.go:77.23,79.3 1 0
projeto-crud-credencials/internal/service/domain/varconfig/service.go:81.2,81.30 1 0
projeto-crud-credencials/internal/service/domain/varconfig/service.go:81.30,83.3 1 0
projeto-crud-credencials/internal/service/domain/varconfig/service.go:85.2,85.27 1 0
projeto-crud-credencials/internal/service/domain/varconfig/service.go:85.27,87.3 1 0
projeto-crud-credencials/internal/service/domain/varconfig/service.go:89.2,91.36 2 0
projeto-crud-credencials/internal/service/domain/varconfig/service.go:95.75,96.16 1 0
projeto-crud-credencials/internal/service/domain/varconfig/service.go:96.16,98.3 1 0
projeto-crud-credencials/internal/service/domain/varconfig/service.go:100.2,100.23 1 0
projeto-crud-credencials/internal/service/domain/varconfig/service.go:100.23,102.3 1 0
projeto-crud-credencials/internal/service/domain/varconfig/service.go:104.2,104.13 1 0
projeto-crud-credencials/internal/service/domain/varconfig/service.go:104.13,106.3 1 0
projeto-crud-credencials/internal/service/domain/varconfig/service.go:108.2,108.52 1 0
